This is a template that includes an array value substitution.

This is an inline substitution: 1

A substitution on its own line follows:

value1
